[periy1.webwave.dev/index.html]
[periy1.webwave.dev/files/dynamicContent/sites/periy1/images/en/webpage_11/m94gb12r/element_210/rwdMode_4/640x674/selective-focus-photography-of-pink-petaled-flower.webp]
[backblue.gif]
[fade.gif]
[index.html]
[periy1.webwave.dev/files/userFonts/_basicFonts/Cardo/Cardo-Bold.ttf]
[periy1.webwave.dev/files/userFonts/_basicFonts/Cardo/Cardo-Italic.ttf]
[periy1.webwave.dev/files/userFonts/_basicFonts/Cardo/Cardo-Regular.ttf]
[periy1.webwave.dev/files/userFonts/_basicFonts/Cinzel/Cinzel-Bold.ttf]
[periy1.webwave.dev/files/userFonts/_basicFonts/Cinzel/Cinzel-Regular.ttf]
[periy1.webwave.dev/files/userFonts/_basicFonts/Cormorant_Garamond/CormorantGaramond-Regular.ttf]
[periy1.webwave.dev/files/userFonts/_basicFonts/Cormorant_Garamond/CormorantGaramond-Bold.ttf]
[periy1.webwave.dev/files/userFonts/_basicFonts/Cormorant_Garamond/CormorantGaramond-Italic.ttf]
[periy1.webwave.dev/files/userFonts/_basicFonts/Cormorant_Garamond/CormorantGaramond-BoldItalic.ttf]
[periy1.webwave.dev/files/userFonts/_basicFonts/Cormorant_Infant/CormorantInfant-Regular.ttf]
[periy1.webwave.dev/files/userFonts/_basicFonts/Cormorant_Infant/CormorantInfant-Bold.ttf]
[periy1.webwave.dev/files/userFonts/_basicFonts/Cormorant_Infant/CormorantInfant-Italic.ttf]
[periy1.webwave.dev/files/userFonts/_basicFonts/Cormorant_Infant/CormorantInfant-BoldItalic.ttf]
[periy1.webwave.dev/files/userFonts/_basicFonts/Cormorant_Unicase/CormorantUnicase-Regular.ttf]
[periy1.webwave.dev/files/userFonts/_basicFonts/Cormorant_Unicase/CormorantUnicase-Bold.ttf]
[periy1.webwave.dev/files/userFonts/_basicFonts/Dancing_Script/DancingScript-Regular.ttf]
[periy1.webwave.dev/files/userFonts/_basicFonts/Dancing_Script/DancingScript-Bold.ttf]
[periy1.webwave.dev/files/userFonts/_basicFonts/DM_Sans/DMSans-Regular.ttf]
[periy1.webwave.dev/files/userFonts/_basicFonts/DM_Sans/DMSans-Bold.ttf]
[periy1.webwave.dev/files/userFonts/_basicFonts/DM_Sans/DMSans-Italic.ttf]
[periy1.webwave.dev/files/userFonts/_basicFonts/DM_Sans/DMSans-BoldItalic.ttf]
[periy1.webwave.dev/files/userFonts/_basicFonts/DM_Serif_Display/DMSerifDisplay-Regular.ttf]
[periy1.webwave.dev/files/userFonts/_basicFonts/DM_Serif_Display/DMSerifDisplay-Italic.ttf]
[periy1.webwave.dev/files/userFonts/_basicFonts/Josefin_Sans/JosefinSans-Regular.ttf]
[periy1.webwave.dev/files/userFonts/_basicFonts/Josefin_Sans/JosefinSans-Bold.ttf]
[periy1.webwave.dev/files/userFonts/_basicFonts/Josefin_Sans/JosefinSans-Italic.ttf]
[periy1.webwave.dev/files/userFonts/_basicFonts/Josefin_Sans/JosefinSans-BoldItalic.ttf]
[periy1.webwave.dev/files/userFonts/_basicFonts/Jost/Jost-Regular.ttf]
[periy1.webwave.dev/files/userFonts/_basicFonts/Jost/Jost-Bold.ttf]
[periy1.webwave.dev/files/userFonts/_basicFonts/Jost/Jost-Italic.ttf]
[periy1.webwave.dev/files/userFonts/_basicFonts/Jost/Jost-BoldItalic.ttf]
[periy1.webwave.dev/files/userFonts/_basicFonts/Lato/Lato-Regular.ttf]
[periy1.webwave.dev/files/userFonts/_basicFonts/Lato/Lato-Bold.ttf]
[periy1.webwave.dev/files/userFonts/_basicFonts/Lato/Lato-Italic.ttf]
[periy1.webwave.dev/files/userFonts/_basicFonts/Lato/Lato-BoldItalic.ttf]
[periy1.webwave.dev/files/userFonts/_basicFonts/League_Spartan/LeagueSpartan-Regular.ttf]
[periy1.webwave.dev/files/userFonts/_basicFonts/Libre_Baskerville/LibreBaskerville-Regular.ttf]
[periy1.webwave.dev/files/userFonts/_basicFonts/Libre_Baskerville/LibreBaskerville-Bold.ttf]
[periy1.webwave.dev/files/userFonts/_basicFonts/Libre_Baskerville/LibreBaskerville-Italic.ttf]
[periy1.webwave.dev/files/userFonts/_basicFonts/Libre_Bodoni/LibreBodoni-Regular.ttf]
[periy1.webwave.dev/files/userFonts/_basicFonts/Libre_Bodoni/LibreBodoni-Bold.ttf]
[periy1.webwave.dev/files/userFonts/_basicFonts/Libre_Bodoni/LibreBodoni-Italic.ttf]
[periy1.webwave.dev/files/userFonts/_basicFonts/Libre_Bodoni/LibreBodoni-BoldItalic.ttf]
[periy1.webwave.dev/files/userFonts/_basicFonts/Montserrat/Montserrat-Regular.ttf]
[periy1.webwave.dev/files/userFonts/_basicFonts/Montserrat/Montserrat-Bold.ttf]
[periy1.webwave.dev/files/userFonts/_basicFonts/Montserrat/Montserrat-Italic.ttf]
[periy1.webwave.dev/files/userFonts/_basicFonts/Montserrat/Montserrat-BoldItalic.ttf]
[periy1.webwave.dev/files/userFonts/_basicFonts/Montserrat_Alternates/MontserratAlternates-Regular.ttf]
[periy1.webwave.dev/files/userFonts/_basicFonts/Montserrat_Alternates/MontserratAlternates-Bold.ttf]
[periy1.webwave.dev/files/userFonts/_basicFonts/Montserrat_Alternates/MontserratAlternates-Italic.ttf]
[periy1.webwave.dev/files/userFonts/_basicFonts/Montserrat_Alternates/MontserratAlternates-BoldItalic.ttf]
[periy1.webwave.dev/files/userFonts/_basicFonts/Open_Sans/OpenSans-Regular.ttf]
[periy1.webwave.dev/files/userFonts/_basicFonts/Open_Sans/OpenSans-Bold.ttf]
[periy1.webwave.dev/files/userFonts/_basicFonts/Open_Sans/OpenSans-Italic.ttf]
[periy1.webwave.dev/files/userFonts/_basicFonts/Open_Sans/OpenSans-BoldItalic.ttf]
[periy1.webwave.dev/files/userFonts/_basicFonts/Outfit/Outfit-Regular.ttf]
[periy1.webwave.dev/files/userFonts/_basicFonts/Outfit/Outfit-Bold.ttf]
[periy1.webwave.dev/files/userFonts/_basicFonts/Questrial/Questrial-Regular.ttf]
[periy1.webwave.dev/files/userFonts/_basicFonts/Palatino_Linotype/PalatinoLinotype-Regular.ttf]
[periy1.webwave.dev/files/userFonts/_basicFonts/Palatino_Linotype/PalatinoLinotype-Bold.ttf]
[periy1.webwave.dev/files/userFonts/_basicFonts/Palatino_Linotype/PalatinoLinotype-Italic.ttf]
[periy1.webwave.dev/files/userFonts/_basicFonts/Palatino_Linotype/PalatinoLinotype-BoldItalic.ttf]
[periy1.webwave.dev/files/userFonts/_basicFonts/Petit_Formal_Script/PetitFormalScript-Regular.ttf]
[periy1.webwave.dev/files/userFonts/_basicFonts/Philosopher/Philosopher-Regular.ttf]
[periy1.webwave.dev/files/userFonts/_basicFonts/Philosopher/Philosopher-Bold.ttf]
[periy1.webwave.dev/files/userFonts/_basicFonts/Philosopher/Philosopher-Italic.ttf]
[periy1.webwave.dev/files/userFonts/_basicFonts/Philosopher/Philosopher-BoldItalic.ttf]
[periy1.webwave.dev/files/userFonts/_basicFonts/Playfair_Display/PlayfairDisplay-Regular.ttf]
[periy1.webwave.dev/files/userFonts/_basicFonts/Playfair_Display/PlayfairDisplay-Bold.ttf]
[periy1.webwave.dev/files/userFonts/_basicFonts/Playfair_Display/PlayfairDisplay-Italic.ttf]
[periy1.webwave.dev/files/userFonts/_basicFonts/Playfair_Display/PlayfairDisplay-BoldItalic.ttf]
[periy1.webwave.dev/files/userFonts/_basicFonts/Poppins/Poppins-Regular.ttf]
[periy1.webwave.dev/files/userFonts/_basicFonts/Poppins/Poppins-Bold.ttf]
[periy1.webwave.dev/files/userFonts/_basicFonts/Poppins/Poppins-Italic.ttf]
[periy1.webwave.dev/files/userFonts/_basicFonts/Poppins/Poppins-BoldItalic.ttf]
[periy1.webwave.dev/files/userFonts/_basicFonts/Poppins_Black/Poppins-Black.ttf]
[periy1.webwave.dev/files/userFonts/_basicFonts/Poppins_Black/Poppins-BlackItalic.ttf]
[periy1.webwave.dev/files/userFonts/_basicFonts/Raleway/Raleway-Regular.ttf]
[periy1.webwave.dev/files/userFonts/_basicFonts/Raleway/Raleway-Bold.ttf]
[periy1.webwave.dev/files/userFonts/_basicFonts/Raleway/Raleway-Italic.ttf]
[periy1.webwave.dev/files/userFonts/_basicFonts/Raleway/Raleway-BoldItalic.ttf]
[periy1.webwave.dev/files/userFonts/_basicFonts/Roboto/Roboto-Regular.ttf]
[periy1.webwave.dev/files/userFonts/_basicFonts/Roboto/Roboto-Bold.ttf]
[periy1.webwave.dev/files/userFonts/_basicFonts/Roboto/Roboto-Italic.ttf]
[periy1.webwave.dev/files/userFonts/_basicFonts/Roboto/Roboto-BoldItalic.ttf]
[periy1.webwave.dev/files/userFonts/_basicFonts/Roboto_Mono/RobotoMono-Regular.ttf]
[periy1.webwave.dev/files/userFonts/_basicFonts/Roboto_Mono/RobotoMono-Bold.ttf]
[periy1.webwave.dev/files/userFonts/_basicFonts/Roboto_Mono/RobotoMono-Italic.ttf]
[periy1.webwave.dev/files/userFonts/_basicFonts/Roboto_Mono/RobotoMono-BoldItalic.ttf]
[periy1.webwave.dev/files/userFonts/_basicFonts/Syne/Syne-Regular.ttf]
[periy1.webwave.dev/files/userFonts/_basicFonts/Syne/Syne-Bold.ttf]
[periy1.webwave.dev/files/userFonts/_basicFonts/Tenor_Sans/TenorSans-Regular.ttf]
[periy1.webwave.dev/files/userFonts/_basicFonts/Work_Sans/WorkSans-Regular.ttf]
[periy1.webwave.dev/files/userFonts/_basicFonts/Work_Sans/WorkSans-Bold.ttf]
[periy1.webwave.dev/files/userFonts/_basicFonts/Work_Sans/WorkSans-Italic.ttf]
[periy1.webwave.dev/files/userFonts/_basicFonts/Work_Sans/WorkSans-BoldItalic.ttf]
[periy1.webwave.dev/location.61.delayed]
[periy1.webwave.dev/files/staticContent/5.374.0/websitesResources/images/galleryView/img-loader-4ae62572d3d818acec612bfcad7779a3.gif]
[periy1.webwave.dev/files/staticContent/5.374.0/websitesResources/images/galleryView/themes/light/info-9a6287571384d257437ac6623ecbe460.png]
[periy1.webwave.dev/files/staticContent/5.374.0/websitesResources/images/galleryView/themes/light/play-big-2f49f7bdbdb971ebcef1fa4a485cd10b.png]
[periy1.webwave.dev/files/staticContent/5.374.0/websitesResources/images/galleryView/themes/light/pause-big-2c41041b646a9cb8ef2656d0b5c5cd29.png]
[periy1.webwave.dev/files/staticContent/5.374.0/websitesResources/images/galleryView/themes/light/next-a34ab271cba473fe1d69df004cbd26a2.png]
[periy1.webwave.dev/files/staticContent/5.374.0/websitesResources/images/galleryView/themes/light/prev-f14731d9b84adaaf75d91c33c9abdff4.png]
[periy1.webwave.dev/files/staticContent/5.374.0/websitesResources/images/galleryView/themes/light/panel-next-f9a644ffb757072931f9a48f16674ed4.png]
[periy1.webwave.dev/files/staticContent/5.374.0/websitesResources/images/galleryView/themes/light/panel-prev-f605c04c85c9447273ed25189684ade3.png]
[periy1.webwave.dev/files/staticContent/5.374.0/websitesResources/images/loading-2299ad0b3f63413f026dfec20c205b8f.gif]
[periy1.webwave.dev/files/staticContent/5.374.0/websitesResources/images/photoswipe/default-skin-e3f799c6dec9af194c86decdf7392405.png]
[periy1.webwave.dev/files/staticContent/5.374.0/websitesResources/images/photoswipe/preloader-e34aafbb485a96eaf2a789b2bf3af6fe.gif]
[yourbrand-18274.kxcdn.com/files/dynamicContent/sites/periy1/css/webpage_11/m94gb12s.css]
[periy1.webwave.dev/service-worker.js]
[periy1.webwave.dev/GET.73.delayed]
[periy1.webwave.dev/v1.74.delayed]
[yourbrand-18274.kxcdn.com/files/staticContent/5.374.0/websitesResources/websitesResources/jQueryLibrariesModule-64de028be5d69086aad69b1e6fd6964f.js]
[yourbrand-18274.kxcdn.com/files/staticContent/5.374.0/websitesResources/websitesResources/i18nModule-8107697d832b0a833aebd7b5a49462a2.js]
[yourbrand-18274.kxcdn.com/files/staticContent/5.374.0/websitesResources/websitesResources/photoswipeModule-3673a14c3eb1bd8108b3bf9dbe569e84.js]
[yourbrand-18274.kxcdn.com/files/staticContent/5.374.0/websitesResources/websitesResources/galleryModule-5734e351e98d435982411a74e04ac8d1.js]
[yourbrand-18274.kxcdn.com/files/staticContent/5.374.0/websitesResources/websitesResources/objectAnimationModule-28301a61746c921bd305e611e6f4c702.js]
[yourbrand-18274.kxcdn.com/files/staticContent/5.374.0/websitesResources/websitesResources/postInitModule-c2d5e4f7ad0f8398011b8185cf2c8fef.js]
[yourbrand-18274.kxcdn.com/files/staticContent/5.374.0/websitesResources/websiteModule-2c5035a4e1de83145463d7ffb63b8ade.js]
[yourbrand-18274.kxcdn.com/files/dynamicContent/sites/periy1/js/webpage_11/objectsStore/m94gb12v.js]
[periy1.webwave.dev/manifest.json]
[periy1.webwave.dev/about.html]
[periy1.webwave.dev/gallery.html]
[periy1.webwave.dev/contact.html]
[yourbrand-18274.kxcdn.com/files/dynamicContent/sites/periy1/js/layout_2/objectsStore/m94gb07a.js]
[yourbrand-18274.kxcdn.com/files/staticContent/5.374.0/websitesResources/js/com/webwave/bottomBar/madeByBanner-58b187d65d0e2505a5be783c9b216267.js]
[periy1.webwave.dev/index.html]
[periy1.webwave.dev/location.html]
[periy1.webwave.dev/files/staticContent/5.374.0/websitesResources/images/selectIcon-5074347faf62f4bcc1a0e3ed897ba2f6.svg]
[periy1.webwave.dev/files/staticContent/5.374.0/websitesResources/images/closeIcon-87031b6793624248dcd90331af55c196.svg]
[periy1.webwave.dev/files/staticContent/5.374.0/websitesResources/images/photoswipe/default-skin-b257fa9c5ac8c515ac4d77a667ce2943.svg]
[periy1.webwave.dev/files/assets/webpack/grails-app/assets/files/staticContent/5.374.0/websitesResources/images/com/webwave/gui/wobject/wmediaplayer/play-white.html]
[yourbrand-18274.kxcdn.com/files/dynamicContent/sites/periy1/css/webpage_11/m94gb12s.css]
[periy1.webwave.dev/files/assets/index.html]
[periy1.webwave.dev/GET.html]
[periy1.webwave.dev/v1.html]
[periy1.webwave.dev/files/dynamicContent/sites/periy1/images/en/webpage_21/m94gb0am/element_377/rwdMode_4/640x200/cherry-blossoms-flowers.webp]
[yourbrand-18274.kxcdn.com/files/dynamicContent/sites/periy1/css/webpage_21/m94gb0ao.css]
[periy1.webwave.dev/about.html]
[yourbrand-18274.kxcdn.com/files/dynamicContent/sites/periy1/js/webpage_21/objectsStore/m94gb0au.js]
[yourbrand-18274.kxcdn.com/files/dynamicContent/sites/periy1/css/webpage_12/m94gb0qq.css]
[yourbrand-18274.kxcdn.com/files/dynamicContent/sites/periy1/js/webpage_12/objectsStore/m94gb0qs.js]
[yourbrand-18274.kxcdn.com/lib/periy1/IMG_1410-m930t79k.jpg]
[yourbrand-18274.kxcdn.com/lib/periy1/IMG_1408-m930svs1.jpg]
[yourbrand-18274.kxcdn.com/lib/periy1/IMG_1406-m930sryh.jpg]
[yourbrand-18274.kxcdn.com/lib/periy1/IMG_1404-m930soco.jpg]
[yourbrand-18274.kxcdn.com/lib/periy1/IMG_1402-m930sknu.jpg]
[yourbrand-18274.kxcdn.com/lib/periy1/IMG_1400-m930sgqz.jpg]
[yourbrand-18274.kxcdn.com/lib/periy1/IMG_1398-m930scqp.jpg]
[yourbrand-18274.kxcdn.com/lib/periy1/IMG_1396-m930s8fk.jpg]
[yourbrand-18274.kxcdn.com/lib/periy1/IMG_1394-m930s4p0.jpg]
[yourbrand-18274.kxcdn.com/lib/periy1/IMG_1391-m930rtnf.jpg]
[yourbrand-18274.kxcdn.com/lib/periy1/IMG_1389-m930rpvt.jpg]
[yourbrand-18274.kxcdn.com/lib/periy1/IMG_1387-m930rm2a.jpg]
[yourbrand-18274.kxcdn.com/lib/periy1/IMG_1385-m930ri3q.jpg]
[yourbrand-18274.kxcdn.com/lib/periy1/IMG_1383-m930reaw.jpg]
[yourbrand-18274.kxcdn.com/lib/periy1/IMG_1381-m930raik.jpg]
[yourbrand-18274.kxcdn.com/lib/periy1/IMG_1379-m930r6pl.jpg]
[yourbrand-18274.kxcdn.com/lib/periy1/IMG_1377-m930r2ps.jpg]
[yourbrand-18274.kxcdn.com/lib/periy1/IMG_1375-m930qymy.jpg]
[yourbrand-18274.kxcdn.com/lib/periy1/IMG_1373-m930qumz.jpg]
[yourbrand-18274.kxcdn.com/lib/periy1/IMG_1371-m930qqyf.jpg]
[yourbrand-18274.kxcdn.com/lib/periy1/IMG_1369-m930qesj.jpg]
[yourbrand-18274.kxcdn.com/lib/periy1/IMG_1367-m930qb1a.jpg]
[yourbrand-18274.kxcdn.com/lib/periy1/IMG_1359-m930q6so.jpg]
[yourbrand-18274.kxcdn.com/lib/periy1/IMG_1357-m930q2qq.jpg]
[yourbrand-18274.kxcdn.com/lib/periy1/IMG_1355-m930pylq.jpg]
[yourbrand-18274.kxcdn.com/lib/periy1/IMG_1353-m930pufm.jpg]
[yourbrand-18274.kxcdn.com/lib/periy1/IMG_1351-m930pqiu.jpg]
[yourbrand-18274.kxcdn.com/lib/periy1/IMG_1349-m930pfq4.jpg]
[yourbrand-18274.kxcdn.com/lib/periy1/IMG_1347-m930pbr4.jpg]
[yourbrand-18274.kxcdn.com/lib/periy1/IMG_1345-m930p7pt.jpg]
[yourbrand-18274.kxcdn.com/lib/periy1/IMG_1343-m930p3xl.jpg]
[yourbrand-18274.kxcdn.com/lib/periy1/IMG_1341-m930p02v.jpg]
[yourbrand-18274.kxcdn.com/lib/periy1/IMG_1339-m930ovy8.jpg]
[yourbrand-18274.kxcdn.com/lib/periy1/IMG_1337-m930orzu.jpg]
[yourbrand-18274.kxcdn.com/lib/periy1/IMG_1335-m930onss.jpg]
[yourbrand-18274.kxcdn.com/lib/periy1/IMG_1332-m930oadf.jpg]
[yourbrand-18274.kxcdn.com/lib/periy1/IMG_1330-m930o6av.jpg]
[yourbrand-18274.kxcdn.com/lib/periy1/IMG_1328-m930o1zv.jpg]
[yourbrand-18274.kxcdn.com/lib/periy1/IMG_1326-m930ny39.jpg]
[yourbrand-18274.kxcdn.com/lib/periy1/IMG_1324-m930ntns.jpg]
[periy1.webwave.dev/gallery.html]
[periy1.webwave.dev/files/dynamicContent/sites/periy1/images/en/webpage_14/m94gb1cv/element_283/rwdMode_4/640x200/pink-daisy-flower-plant.webp]
[yourbrand-18274.kxcdn.com/files/dynamicContent/sites/periy1/css/webpage_14/m94gb1cw.css]
[periy1.webwave.dev/contact.html]
[yourbrand-18274.kxcdn.com/files/dynamicContent/sites/periy1/css/webpage_21/m94gb0ao.css]
[yourbrand-18274.kxcdn.com/files/dynamicContent/sites/periy1/css/webpage_12/m94gb0qq.css]
[yourbrand-18274.kxcdn.com/files/dynamicContent/sites/periy1/css/webpage_14/m94gb1cw.css]
[yourbrand-18274.kxcdn.com/files/dynamicContent/sites/periy1/js/webpage_14/objectsStore/m94gb1cz.js]
